src/features/landing/components/HowItWorksSection.tsx(8,14): error TS2304: Cannot find name 'UserPlus'.
src/features/landing/components/HowItWorksSection.tsx(14,14): error TS2304: Cannot find name 'Sliders'.
src/features/landing/components/LandingNavbar.tsx(7,51): error TS2307: Cannot find module '@/shared/components/ui/sheet' or its corresponding type declarations.
